// Jest Snapshot v1, https://goo.gl/fbAQLP

exports[`lessToCssInJs lessToCssInJs for  @media 1`] = `
"import { createStyles } from "antd-style";

const useStyles = createStyles(({ token }) => {
  return {
    "clearfix()": {
      zoom: "1",
      "&::before, &::after": { display: "table", content: "' '" },
      "&::after": {
        clear: "both",
        height: "0",
        fontSize: "0",
        visibility: "hidden",
      },
    },
    activitiesList: {
      padding: "0 24px 8px 24px",
    },
    username: {
      color: token.colorText,
    },
    event: {
      fontWeight: "normal",
    },
    pageHeaderContent: {
      display: "flex",
      [\`@media screen and (max-width: \${token.screenSM}px)\`]: {
        display: "block",
      },
    },
    avatar: {
      flex: "0 1 72px",
      "& > span": {
        display: "block",
        width: "72px",
        height: "72px",
        borderRadius: "72px",
      },
    },
    content: {
      position: "relative",
      top: "4px",
      flex: "1 1 auto",
      marginLeft: "24px",
      color: token.colorTextSecondary,
      lineHeight: "22px",
      [\`@media screen and (max-width: \${token.screenSM}px)\`]: {
        marginLeft: "0",
      },
    },
    contentTitle: {
      marginBottom: "12px",
      color: token.colorTextHeading,
      fontWeight: "500",
      fontSize: "20px",
      lineHeight: "28px",
    },
    extraContent: {
      zoom: "1",
      "&::before, &::after": { display: "table", content: "' '" },
      "&::after": {
        clear: "both",
        height: "0",
        fontSize: "0",
        visibility: "hidden",
      },
      float: "right",
      whiteSpace: "nowrap",
      [\`@media screen and (max-width: \${token.screenXL}px) and (min-width: @screen-lg)\`]:
        { marginLeft: "-44px" },
      [\`@media screen and (max-width: \${token.screenLG}px)\`]: {
        float: "none",
        marginRight: "0",
      },
      [\`@media screen and (max-width: \${token.screenMD}px)\`]: {
        marginLeft: "-16px",
      },
    },
    statItem: {
      position: "relative",
      display: "inline-block",
      padding: "0 32px",
      "> p:first-child": {
        marginBottom: "4px",
        color: token.colorTextSecondary,
        fontSize: token.fontSize,
        lineHeight: "22px",
      },
      "> p": {
        margin: "0",
        color: token.colorTextHeading,
        fontSize: "30px",
        lineHeight: "38px",
        "> span": {
          color: token.colorTextSecondary,
          fontSize: "20px",
        },
      },
      "&::after": {
        position: "absolute",
        top: "8px",
        right: "0",
        width: "1px",
        height: "40px",
        backgroundColor: token.colorSplit,
        content: "''",
      },
      "&:last-child": {
        paddingRight: "0",
        "&::after": {
          display: "none",
        },
      },
      [\`@media screen and (max-width: \${token.screenXL}px) and (min-width: @screen-lg)\`]:
        { padding: "0 16px" },
      [\`@media screen and (max-width: \${token.screenLG}px)\`]: {
        padding: "0 16px",
        textAlign: "left",
        "&::after": {
          display: "none",
        },
      },
      [\`@media screen and (max-width: \${token.screenSM}px)\`]: { float: "none" },
    },
    members: {
      a: {
        display: "block",
        height: "24px",
        margin: "12px 0",
        color: token.colorText,
        transition: "all 0.3s",
        position: "relative",
        maxHeight: "4.5em",
        marginRight: "-1em",
        paddingRight: "1em",
        overflow: "hidden",
        lineHeight: "1.5em",
        textAlign: "justify",
        "&::before": {
          position: "absolute",
          right: "14px",
          bottom: "0",
          padding: "0 1px",
          background: token.colorBgContainer,
          content: "'...'",
        },
        "&::after": {
          position: "absolute",
          right: "14px",
          width: "1em",
          height: "1em",
          marginTop: "0.2em",
          background: "white",
          content: "''",
        },
        "&:hover": {
          color: token.colorPrimary,
        },
      },
      [\`@media screen and (max-width: \${token.screenXL}px) and (min-width: @screen-lg)\`]:
        { marginBottom: "0" },
      [\`@media screen and (max-width: \${token.screenLG}px)\`]: {
        marginBottom: "0",
      },
    },
    member: {
      marginLeft: "12px",
      fontSize: token.fontSize,
      lineHeight: "24px",
      verticalAlign: "top",
    },
    projectList: {
      ".ant-card-meta-description": {
        height: "44px",
        overflow: "hidden",
        color: token.colorTextSecondary,
        lineHeight: "22px",
      },
    },
    cardTitle: {
      fontSize: "0",
      a: {
        display: "inline-block",
        height: "24px",
        marginLeft: "12px",
        color: token.colorTextHeading,
        fontSize: token.fontSize,
        lineHeight: "24px",
        verticalAlign: "top",
        "&:hover": {
          color: token.colorPrimary,
        },
      },
    },
    projectGrid: {
      width: "33.33%",
      [\`@media screen and (max-width: \${token.screenMD}px)\`]: { width: "50%" },
      [\`@media screen and (max-width: \${token.screenXS}px)\`]: { width: "100%" },
    },
    projectItemContent: {
      display: "flex",
      height: "20px",
      marginTop: "8px",
      overflow: "hidden",
      fontSize: "12px",
      lineHeight: "1.5em",
      position: "relative",
      maxHeight: "4.5em",
      marginRight: "-1em",
      paddingRight: "1em",
      textAlign: "justify",
      "&::before": {
        position: "absolute",
        right: "14px",
        bottom: "0",
        padding: "0 1px",
        background: token.colorBgContainer,
        content: "'...'",
      },
      "&::after": {
        position: "absolute",
        right: "14px",
        width: "1em",
        height: "1em",
        marginTop: "0.2em",
        background: "white",
        content: "''",
      },
      a: {
        display: "inline-block",
        flex: "1 1 0",
        color: token.colorTextSecondary,
        position: "relative",
        maxHeight: "4.5em",
        marginRight: "-1em",
        paddingRight: "1em",
        overflow: "hidden",
        lineHeight: "1.5em",
        textAlign: "justify",
        "&::before": {
          position: "absolute",
          right: "14px",
          bottom: "0",
          padding: "0 1px",
          background: token.colorBgContainer,
          content: "'...'",
        },
        "&::after": {
          position: "absolute",
          right: "14px",
          width: "1em",
          height: "1em",
          marginTop: "0.2em",
          background: "white",
          content: "''",
        },
        "&:hover": {
          color: token.colorPrimary,
        },
      },
    },
    datetime: {
      flex: "0 0 auto",
      float: "right",
      color: token.colorTextDisabled,
    },
    activeCard: {
      [\`@media screen and (max-width: \${token.screenXL}px) and (min-width: @screen-lg)\`]:
        { marginBottom: "24px" },
      [\`@media screen and (max-width: \${token.screenLG}px)\`]: {
        marginBottom: "24px",
      },
    },
  };
});

export default useStyles;
"
`;

exports[`lessToCssInJs lessToCssInJs for content 1`] = `
"import { createStyles } from 'antd-style';

const useStyles = createStyles(() => {
  return {
    'dynamic-button': {
      height: '100%',
      position: 'absolute',
      right: '1px',
      top: '0',
      button: { border: 'none', padding: '0', boxShadow: 'none', backgroundColor: 'transparent' },
      '&::after': {
        content: '""',
        position: 'absolute',
        width: '1px',
        height: '19px',
        left: '0',
        top: '8px',
        borderLeft: '1px dotted rgb(0 0 0 / 12%)',
      },
    },
    'dynamic-menu': {
      width: '187px',
      em: { color: '#ccc', fontSize: '11px' },
    },
  };
});
export default useStyles;
"
`;

exports[`lessToCssInJs lessToCssInJs for global 1`] = `
"import { createStyles } from 'antd-style';

const useStyles = createStyles(() => {
  return {
    menu: {
      '.anticon': { marginRight: '8px' },
      '.ant-dropdown-menu-item': { minWidth: '160px' },
    },
  };
});
export default useStyles;
"
`;
